// Jest Snapshot v1, https://goo.gl/fbAQLP

exports[`Textfield Rendering should match to snapshot 1`] = `
<TextInput
  allowFontScaling={true}
  defaultValue="Useless text"
  name="name"
  rejectResponderTermination={true}
  style={
    Object {
      "borderRadius": 5,
      "borderWidth": 1,
      "height": 40,
      "marginBottom": 16,
      "paddingHorizontal": 8,
    }
  }
  underlineColorAndroid="transparent"
/>
`;
